[40m[2J[0;34mÚÄÄÄÄÄÄÄÄÄÄÄÄÄÄÄÄÄÄÄÄÄÄÄÄÄÄÄÄÄÄÄÄÄÄÄÄÄÄÄÄÄÄÄÄÄÄÄÄÄÄÄÄÄÄÄÄÄÄÄÄÄÄÄÄÄÄÄÄÄÄÄÄÄÄÄÄÄÄ¿[2;1H³[1;30m[[37mUser Online[30m]:[25C[[37mTime Left[30m]:[7C[[37mMinutes On[30m]:[7C[0;34m³[3;1H³[1;30m[[37mUser Note[30m]  :[64C[0;34m³[A
[4;1H³[1;30m[[37mUser Level[30m] :[25C[[37mTime[30m] :[11C[[37mDate Now[30m]:[9C[0;34m³[5;1H³[1;30m[[37mFile Level[30m] :[25C[[37mFile Pts[30m] :[7C[[37mPosts[30m]:[12C[0;34m³[6;1H³[1;30m[[37mFlags[30m][6C:[25C[[37mCalls[A
[46C[30m]    :[7C[[37mPCR[30m]  :[12C[0;34m³[7;1H³[78C³[8;1H³[1;30m[[37mInlock[30m]:[5C[[37mOutLock[30m]:[5C[[37mTextTrap[30m]:[5C[[37mTemp SysOp[30m]:[5C[[37mTime Lock[30m]:   [0;34m³[9;1H³[78C³[10;1H³[1;30m[[37mChat Sta[A
[10Ctus[30m]:[15C[[37mConnect[30m] :[38C[0;34m³[11;1H³[78C³[12;1H³[[1mAlt-B[0;34m]: [1;31mToggle This Screen [0;34m[[1mAlt-T[0;34m]: [1;31mTemp SysOp[9C[0;34m[[1mAlt-K[0;34m]: [1;31mKill Time    [0;34m³[13;1H³[[1mF8[0;34m]   :[A
[9C [1;31mToggle Time Lock   [0;34m[[1mAlt-E[0;34m]: [1;31mToggle Text Trap   [0;34m[[1mAlt-L[0;34m]: [1;31mReduce Time  [0;34m³[14;1H³[[1mF9[0;34m]   : [1;31mLock Modem Input   [0;34m[[1mAlt-A[0;34m]: [1;31mToggle Chat Status [A
[57C[0;34m[[1mAlt-Z[0;34m]: [1;31mLine Noise   [0;34m³[15;1H³[[1mF10[0;34m]  : [1;31mLock Modem Output  [0;34m[[1mAlt-M[0;34m]: [1;31mGive More Time[27C[0;34m³[16;1HÀÄÄÄÄÄÄÄÄÄÄÄÄÄÄÄÄÄÄÄÄÄÄÄÄÄÄÄÄÄÄÄÄÄÄÄÄÄÄÄÄÄÄÄÄÄÄÄÄÄÄÄÄÄÄÄ[1;37mVi[35m[A
[58CSi[0;35mON[1m/2[0;34mÄÄ[1;35mTh[0;35me Re[1mvis[37mion[0;34mÄÙ[17;1H[18;1H[19;1H[20;1H[21;1H[22;1H[23;1H[24;1H[25;1H[0m[255D