[40m[2J[46m [0;1;36;46mÚÄÄÄÄÄÄÄÄÄÄÄÄÄÄÄÄÄÄÄÄÄÄÄÄÄÄÄ [0;30;46mViSiON/2 BBS System [1;36mÄÄÄÄÄÄÄÄÄÄÄÄÄÄÄÄÄÄÄÄÄÄÄÄÄÄÄÄ[0;30;46m¿  [1;36mÀ[0;30;46mÄÄÄÄÄÄÄÄÄÄÄÄÄÄÄÄÄÄÄÄÄÄÄÄÄÄÄÄÄÄÄÄÄÄÄÄÄÄÄÄÄÄÄÄÄÄÄÄÄÄÄÄÄÄÄÄÄÄÄÄÄÄÄÄÄÄÄÄÄÄÄÄÄÄÄÄÙ ±±±±±±±±±±±±±±±±±[40m[s
[u[46m±±±±±±±±±±±±±±±±±±±±±±±±±±±±±±±±±±±±±±±±±±±±±±±±±±±±±±±±±±±±±±±±[44m [1;34mÚÄÄÄÄÄÄÄÄÄÄÄÄÄÄÄÄÄÄÄÄÄÄÄÄ[0;30;44m¿ [46m±±±±[44m [1;34mÚÄÄÄÄÄÄÄÄÄÄÄÄÄÄÄÄÄÄÄÄÄÄÄÄÄÄÄÄÄÄÄÄÄÄÄÄÄÄÄ[0;30;44m¿ [46m±±±±±[44m [1;34m³ [37mCalls      [30mþ    [40m[s
[u[44m       [0;30;44m³ [46m²²±±[44m [1;34m³ [37mTotal Minutes Used [30mþ                  [0;30;44m³ [46m²²±±±[44m [1;34m³ [37mUploads    [30mþ           [0;30;44m³ [46m²²±±[44m [1;34m³ [37mTotal Minutes Xfer [30mþ            [40m[s
[u[44m      [0;30;44m³ [46m²²±±±[44m [1;34m³ [37mDownloads  [30mþ           [0;30;44m³ [46m²²±±[44m [1;34m³ [37mTotal Minutes Idle [30mþ                  [0;30;44m³ [46m²²±±±[44m [1;34m³ [37mPosts      [30mþ           [40m[s
[u[0;30;44m³ [46m²²±±[44m [1;34m³ [37m% Up vs. % Down    [30mþ                  [0;30;44m³ [46m²²±±±[44m [1;34m³ [37mSysOp Mail [30mþ           [0;30;44m³ [46m²²±±[44m [1;34m³ [37mAverage Calls/Day  [30mþ                  [40m[s
[u[0;30;44m³ [46m²²±±±[44m [1;34m³ [37mFeedback   [30mþ           [0;30;44m³ [46m²²±±[44m [1;34m³ [37mTotal Days Up      [30mþ                  [0;30;44m³ [46m²²±±±[44m [1;34m³ [37mMail       [30mþ           [0;30;44m³ [46m²²±[40m[s
[u[46m±[44m [1;34m³ [37mNet Receive At     [30mþ                  [0;30;44m³ [46m²²±±±[44m [1;34m³ [37mMins. Idle [30mþ           [0;30;44m³ [46m²²±±[44m [1;34m³ [37mNet Send At        [30mþ                  [0;30;44m³ [46m²²±±[40m[s
[u[46m±[44m [1;34m³ [37mChat State [30mþ           [0;30;44m³ [46m²²±±[44m [1;34m³ [37mBatch Event At     [30mþ                  [0;30;44m³ [46m²²±±±[44m [1;34m³ [37mTime Now   [30mþ           [0;30;44m³ [46m²²±±[44m [1;34m³ [40m[s
[u[44m[37mLast Net Event     [30mþ                  [0;30;44m³ [46m²²±±±[44m [1;34mÀ[0;30;44mÄÄÄÄÄÄÄÄÄÄÄÄÄÄÄÄÄÄÄÄÄÄÄÄÙ [46m²²±±[44m [1;34mÀ[0;30;44mÄÄÄÄÄÄÄÄÄÄÄÄÄÄÄÄÄÄÄÄÄÄÄÄÄÄÄÄÄÄÄÄÄÄÄÄÄÄÄÙ [46m²²±±±±²²²²²²²²²²²²²²²²²²²²²²²²²²²²²±±±²²[40m[s
[u[46m²²²²²²²²²²²²²²²²²²²²²²²²²²²²²²²²²²²²²²²²²²±±±±±±±±±±±±±±±±±±±±±±±±±±±±±±±±±±±±±±±±±±±±±±±±±±±±±±±±±±±±±±±±±±±±±±±±±±±±±±±±±±±±±±±±±±±±±±±±±±±±±±±±±±±±±±±±±±±±±±±±±±±±±±±±±±±±±±±±±±±±±±±±±±±±±±±±±±±±±±±±±± [1;36mÚÄÄÄÄÄÄÄÄÄÄÄÄÄÄÄÄÄÄÄÄÄÄÄÄÄÄ[40m[s
[u[46mÄÄÄÄÄÄÄÄÄÄÄÄÄÄÄÄÄÄÄÄÄÄÄÄÄÄÄÄÄÄÄÄÄÄÄÄÄÄÄÄÄÄÄÄÄÄÄÄÄÄ[0;30;46m¿  [1;36m³ [37mAlt-C [30mþ [37mConfigure XL Computer Systems    [33mJeremy Black  [30mþ [33mAllen, TX         [0;30;46m³  [1;36m³ [37mAlt-I [30mþ [37mXL Computer Syste[40m[s
[u[46mms Info         [33mBen Camp      [30mþ [33mMooresville, NC   [0;30;46m³  [1;36m³ [37mAlt-J [30mþ [37mJump to the DOS Shell            [33mJosh Ham      [30mþ [33mRoswell, NM       [0;30;46m³  [1;36mÀ[0;30;46mÄÄÄÄÄÄÄÄÄÄÄÄÄÄÄÄ[40m[s
[u[46mÄÄÄÄÄÄÄÄ [1;36m(c) Ruthless Enterprises [0;30;46mÄÄÄÄÄÄÄÄÄÄÄÄÄÄÄÄÄÄÄÄÄÄÄÄÄÄÙ [25;1H[0m[255D