[40m[2J[46m [36mÚÄÄÄÄÄÄÄÄÄÄÄÄÄÄÄÄÄÄÄÄÄ [0;30;46mViSiON/2 Bulletin Board System [1;36mÄÄÄÄÄÄÄÄÄÄÄÄÄÄÄÄÄÄÄÄÄÄÄ[0;30;46m¿  [1;36mÀ[0;30;46mÄÄÄÄÄÄÄÄÄÄÄÄÄÄÄÄÄÄÄÄÄÄÄÄÄÄÄÄÄÄÄÄÄÄÄÄÄÄÄÄÄÄÄÄÄÄÄÄÄÄÄÄÄÄÄÄÄÄÄÄÄÄÄÄÄÄÄÄÄÄÄÄÄÄÄÄÙ ±±±±±±±±±±±±±±±±±±±±±±±±[40m[s
[u[46m±±±±±±±±±±±±±±±±±±±±±±±±±±±±±±±±±±±±±±±±±±±±±±±±±±±±±±±±±±±±±±±±±±±±±±±±±±±±±±±±±±±±±±±±±±±±±±±±±±±±±±±±±±±±±±±±±±±±±±±±±±±±±±±±±±±±±±±±±±±±±±±±±±±±±±±±±±±±±±±±±±[44m [1;34mÚÄÄÄÄÄÄÄÄÄÄÄÄÄÄÄÄÄÄÄÄÄÄÄÄ[0;30;44m¿ [46m±±±±±±±±±±±±±±±±±±±±±±[40m[s
[u[46m±±±±±±±±±±±±±±±±±±±±±±±±±±±±±±[44m [1;34m³ [30mþ [37mLogon to BBS         [0;30;44m³ [46m²²±±±±±±±±±±±±±±±±±±±±±±±±±±±±±±±±±±±±±±±±±±±±±±±±±±[44m [1;34m³ [30mþ [37mSysOp's Menu         [0;30;44m³ [46m²²±±±±±±±±±±±±±±±±±±±±±±±±±[40m[s
[u[46m±±±±±±±±±±±±±±±±±±±±±±±±±[44m [1;34m³ [30mþ [37mRead E-Mail          [0;30;44m³ [46m²²±±±±±±±±±±±±±±±±±±±±±±±±±±±±±±±±±±±±±±±±±±±±±±±±±±[44m [1;34m³ [30mþ [37mRead Feedback        [0;30;44m³ [46m²²±±±±±±±±±±±±±±±±±±±±±±±±±±±±±±[40m[s
[u[46m±±±±±±±±±±±±±±±±±±±±[44m [1;34m³ [30mþ [37mJump to Msg. Menu    [0;30;44m³ [46m²²±±±±±±±±±±±±±±±±±±±±±±±±±±±±±±±±±±±±±±±±±±±±±±±±±±[44m [1;34m³ [30mþ [37mJump to File Menu    [0;30;44m³ [46m²²±±±±±±±±±±±±±±±±±±±±±±±±±±±±±±±±±±±[40m[s
[u[46m±±±±±±±±±±±±±±±[44m [1;34m³ [30mþ [37mRun Config           [0;30;44m³ [46m²²±±±±±±±±±±±±±±±±±±±±±±±±±±±±±±±±±±±±±±±±±±±±±±±±±±[44m [1;34m³ [30mþ [37mShell to DOS         [0;30;44m³ [46m²²±±±±±±±±±±±±±±±±±±±±±±±±±±±±±±±±±±±±±±±±[40m[s
[u[46m±±±±±±±±±±[44m [1;34m³ [30mþ [37mForce NET Call       [0;30;44m³ [46m²²±±±±±±±±±±±±±±±±±±±±±±±±±±±±±±±±±±±±±±±±±±±±±±±±±±[44m [1;34m³ [30mþ [37mReturn to WFC        [0;30;44m³ [46m²²±±±±±±±±±±±±±±±±±±±±±±±±±±±±±±±±±±±±±±±±±±±±±[40m[s
[u[46m±±±±±[44m [1;34m³ [30mþ [37mExit ViSiON/2        [0;30;44m³ [46m²²±±±±±±±±±±±±±±±±±±±±±±±±±±±±±±±±±±±±±±±±±±±±±±±±±±[44m [1;34m³ [30mþ [37mView SysOp Log       [0;30;44m³ [46m²²±±±±±±±±±±±±±±±±±±±±±±±±±±±±±±±±±±±±±±±±±±±±±±±±±±[40m[s
[u[44m [1;34mÀ[0;30;44mÄÄÄÄÄÄÄÄÄÄÄÄÄÄÄÄÄÄÄÄÄÄÄÄÙ [46m²²±±±±±±±±±±±±±±±±±±±±±±±±±±±±±±±±±±±±±±±±±±±±±±±±±±±²²²²²²²²²²²²²²²²²²²²²²²²²²²²²±±±±±±±±±±±±±±±±±±±±±±±±±±±±±±±±±±±±±±±±±±±±±±±±±±±±±±±±±±±±±±±±±±±±±±±±±±±±±±±±±±±±±±±±±±±±±±±±±±±±±±±±±±±[40m[s
[u[46m±±±±±±±±±±±±±±±±±±±±±±±±±±±±±±±±±±±±±±±±±±±±±±±±±±±±±±±±±±±±±±±±±±±±±±±±±±±±±±±±±±±±±±±±±±±±±±±±±±±±±±±±±±±±±±±±±±±±±±±±±±±±±±±±±±±±±±±±±±±±±±±±±±±±±±±±±±±±± [1;36mÚÄÄÄÄÄÄÄÄÄÄÄÄÄÄÄÄÄÄÄÄÄÄÄÄÄÄÄÄÄÄÄÄÄÄÄÄÄÄÄÄÄÄÄÄÄÄÄÄÄÄÄÄÄÄÄÄÄÄÄÄÄÄÄÄÄÄÄÄÄÄÄÄÄ[40m[s
[u[46mÄÄÄ[0;30;46m¿  [1;36mÀ[0;30;46mÄÄÄÄÄÄÄÄÄÄÄÄÄÄÄÄÄÄÄÄÄÄÄÄ [1m([36mc[30m) [36mRuthless Enterprises [0;30;46mÄÄÄÄÄÄÄÄÄÄÄÄÄÄÄÄÄÄÄÄÄÄÄÄÄÄÙ [40m

















[0m[255D